[www.leisurehotels.co.in/the-river-view-retreat-corbett-resort/index.html]
[backblue.gif]
[fade.gif]
[index.html]
[www.leisurehotels.co.in/the-river-view-retreat-corbett-resort/contact-us/hotel-directory.html]
[www.leisurehotels.co.in/the-river-view-retreat-corbett-resort/rooms.html]
[www.leisurehotels.co.in/the-river-view-retreat-corbett-resort/dining.html]
[www.leisurehotels.co.in/the-river-view-retreat-corbett-resort/spa-and-wellness/spa-and-wellness.html]
[www.leisurehotels.co.in/the-river-view-retreat-corbett-resort/activities-experiences/recreational-activities.html]
[www.leisurehotels.co.in/the-river-view-retreat-corbett-resort/packages-special-offers.html]
[www.leisurehotels.co.in/the-river-view-retreat-corbett-resort/plan-an-event/conference-hall.html]
[www.leisurehotels.co.in/the-river-view-retreat-corbett-resort/gallery.html]
[www.leisurehotels.co.in/the-river-view-retreat-corbett-resort/location.html]
[www.leisurehotels.co.in/the-river-view-retreat-corbett-resort/packages-special-offers/limited-period-offer.html]
[www.leisurehotels.co.in/the-river-view-retreat-corbett-resort/packages-special-offers/stay-long-save-more.html]
[www.leisurehotels.co.in/the-river-view-retreat-corbett-resort/packages-special-offers/early-booker.html]
[www.leisurehotels.co.in/the-river-view-retreat-corbett-resort/packages-special-offers/winter-rates.html]
[www.leisurehotels.co.in/the-river-view-retreat-corbett-resort/packages-special-offers/jeep-and-elephant-safari.html]
[www.leisurehotels.co.in/the-river-view-retreat-corbett-resort/packages-special-offers/special-tours-and-corbett-safaris.html]
[www.leisurehotels.co.in/the-river-view-retreat-corbett-resort/about-corbett/about-corbett.html]
[www.leisurehotels.co.in/the-river-view-retreat-corbett-resort/index.html]
[www.leisurehotels.co.in/the-river-view-retreat-corbett-resort/tariff/tariff.html]
[www.leisurehotels.co.in/the-river-view-retreat-corbett-resort/contact-us/hotel-directory.12.delayed]
[www.leisurehotels.co.in/the-river-view-retreat-corbett-resort/rooms/deluxe-rooms.html]
[www.leisurehotels.co.in/the-river-view-retreat-corbett-resort/safaris/corbett-safaris.html]
[www.leisurehotels.co.in/the-river-view-retreat-corbett-resort/rooms/superior-rooms.html]
[www.leisurehotels.co.in/the-river-view-retreat-corbett-resort/rooms/duplex-rooms.html]
[www.leisurehotels.co.in/the-river-view-retreat-corbett-resort/rooms/leopard-lodge.html]
[www.leisurehotels.co.in/the-river-view-retreat-corbett-resort/rooms/tiger-lodge.html]
[www.leisurehotels.co.in/the-river-view-retreat-corbett-resort/rooms.html]
[www.leisurehotels.co.in/the-river-view-retreat-corbett-resort/rooms/tusker-lodge.html]
[www.leisurehotels.co.in/the-river-view-retreat-corbett-resort/dining/gurney-house.html]
[www.leisurehotels.co.in/the-river-view-retreat-corbett-resort/dining.html]
[www.leisurehotels.co.in/the-river-view-retreat-corbett-resort/dining/grill-house-restaurant-and-bar.html]
[www.leisurehotels.co.in/the-river-view-retreat-corbett-resort/spa-and-wellness/contact-us/hotel-directory.html]
[www.leisurehotels.co.in/the-river-view-retreat-corbett-resort/spa-and-wellness/spa-and-wellness.html]
[www.leisurehotels.co.in/the-river-view-retreat-corbett-resort/activities-experiences/contact-us/hotel-directory.html]
[www.leisurehotels.co.in/the-river-view-retreat-corbett-resort/activities-experiences/outdoor-activities.html]
[www.leisurehotels.co.in/the-river-view-retreat-corbett-resort/activities-experiences/recreational-activities.html]
[www.leisurehotels.co.in/the-river-view-retreat-corbett-resort/activities-experiences/in-house-activities-experiences.html]
[www.leisurehotels.co.in/the-river-view-retreat-corbett-resort/packages-special-offers.html]
[www.leisurehotels.co.in/the-river-view-retreat-corbett-resort/plan-an-event/contact-us/hotel-directory.html]
[www.leisurehotels.co.in/the-river-view-retreat-corbett-resort/plan-an-event/conference-hall.html]
[www.leisurehotels.co.in/the-river-view-retreat-corbett-resort/gallery.html]
[www.leisurehotels.co.in/the-river-view-retreat-corbett-resort/location.html]
[www.leisurehotels.co.in/the-river-view-retreat-corbett-resort/packages-special-offers/contact-us/hotel-directory.html]
[www.leisurehotels.co.in/the-river-view-retreat-corbett-resort/packages-special-offers/limited-period-offer.html]
[www.leisurehotels.co.in/the-river-view-retreat-corbett-resort/packages-special-offers/contact-us/hotel-directory.html]
[www.leisurehotels.co.in/the-river-view-retreat-corbett-resort/packages-special-offers/stay-long-save-more.html]
[www.leisurehotels.co.in/the-river-view-retreat-corbett-resort/packages-special-offers/contact-us/hotel-directory.html]
[www.leisurehotels.co.in/the-river-view-retreat-corbett-resort/packages-special-offers/early-booker.html]
[www.leisurehotels.co.in/the-river-view-retreat-corbett-resort/packages-special-offers/contact-us/hotel-directory.html]
[www.leisurehotels.co.in/the-river-view-retreat-corbett-resort/packages-special-offers/winter-rates.html]
[www.leisurehotels.co.in/the-river-view-retreat-corbett-resort/packages-special-offers/contact-us/hotel-directory.html]
[www.leisurehotels.co.in/the-river-view-retreat-corbett-resort/packages-special-offers/jeep-and-elephant-safari.html]
[www.leisurehotels.co.in/the-river-view-retreat-corbett-resort/packages-special-offers/contact-us/hotel-directory.html]
[www.leisurehotels.co.in/the-river-view-retreat-corbett-resort/packages-special-offers/special-tours-and-corbett-safaris.html]
[www.leisurehotels.co.in/the-river-view-retreat-corbett-resort/about-corbett/contact-us/hotel-directory.html]
[www.leisurehotels.co.in/the-river-view-retreat-corbett-resort/about-corbett/about-corbett.html]
[www.leisurehotels.co.in/the-river-view-retreat-corbett-resort/about-corbett/places-of-tourist-interest.html]
[www.leisurehotels.co.in/the-river-view-retreat-corbett-resort/safaris/contact-us/hotel-directory.html]
[www.leisurehotels.co.in/the-river-view-retreat-corbett-resort/safaris/corbett-safaris.html]
[www.leisurehotels.co.in/the-river-view-retreat-corbett-resort/tariff/contact-us/hotel-directory.html]
[www.leisurehotels.co.in/the-river-view-retreat-corbett-resort/tariff/tariff.html]
[www.leisurehotels.co.in/the-river-view-retreat-corbett-resort/rooms/contact-us/hotel-directory.html]
[www.leisurehotels.co.in/the-river-view-retreat-corbett-resort/rooms/deluxe-rooms.html]
[www.leisurehotels.co.in/the-river-view-retreat-corbett-resort/rooms/contact-us/hotel-directory.html]
[www.leisurehotels.co.in/the-river-view-retreat-corbett-resort/rooms/superior-rooms.html]
[www.leisurehotels.co.in/the-river-view-retreat-corbett-resort/rooms/contact-us/hotel-directory.html]
[www.leisurehotels.co.in/the-river-view-retreat-corbett-resort/rooms/duplex-rooms.html]
[www.leisurehotels.co.in/the-river-view-retreat-corbett-resort/rooms/contact-us/hotel-directory.html]
[www.leisurehotels.co.in/the-river-view-retreat-corbett-resort/rooms/leopard-lodge.html]
[www.leisurehotels.co.in/the-river-view-retreat-corbett-resort/rooms/contact-us/hotel-directory.html]
[www.leisurehotels.co.in/the-river-view-retreat-corbett-resort/rooms/tiger-lodge.html]
[www.leisurehotels.co.in/the-river-view-retreat-corbett-resort/rooms/contact-us/hotel-directory.html]
[www.leisurehotels.co.in/the-river-view-retreat-corbett-resort/rooms/tusker-lodge.html]
[www.leisurehotels.co.in/the-river-view-retreat-corbett-resort/dining/contact-us/hotel-directory.html]
[www.leisurehotels.co.in/the-river-view-retreat-corbett-resort/dining/gurney-house.html]
[www.leisurehotels.co.in/the-river-view-retreat-corbett-resort/dining/contact-us/hotel-directory.html]
[www.leisurehotels.co.in/the-river-view-retreat-corbett-resort/dining/grill-house-restaurant-and-bar.html]
[www.leisurehotels.co.in/the-river-view-retreat-corbett-resort/activities-experiences/contact-us/hotel-directory.html]
[www.leisurehotels.co.in/the-river-view-retreat-corbett-resort/activities-experiences/outdoor-activities.html]
[www.leisurehotels.co.in/the-river-view-retreat-corbett-resort/activities-experiences/contact-us/hotel-directory.html]
[www.leisurehotels.co.in/the-river-view-retreat-corbett-resort/activities-experiences/in-house-activities-experiences.html]
[www.leisurehotels.co.in/the-river-view-retreat-corbett-resort/about-corbett/contact-us/hotel-directory.html]
[www.leisurehotels.co.in/the-river-view-retreat-corbett-resort/about-corbett/places-of-tourist-interest.html]
